[    0.000000] Linux version 4.15.0-62-generic (buildd@lcy01-amd64-024) (gcc version 7.4.0 (Ubuntu 7.4.0-1ubuntu1~18.04.1)) #69-Ubuntu SMP Wed Sep 4 20:55:53 UTC 2019 (Ubuntu 4.15.0-62.69-generic 4.15.18)
[    0.000000] Command line: BOOT_IMAGE=/boot/vmlinuz-4.15.0-62-generic root=LABEL=cloudimg-rootfs ro console=tty1 console=ttyS0
[    0.000000] KERNEL supported cpus:
[    0.000000]   Intel GenuineIntel
[    0.000000]   AMD AuthenticAMD
[    0.000000]   Centaur CentaurHauls
[    0.000000] x86/fpu: Supporting XSAVE feature 0x001: 'x87 floating point registers'
[    0.000000] x86/fpu: Supporting XSAVE feature 0x002: 'SSE registers'
[    0.000000] x86/fpu: Supporting XSAVE feature 0x004: 'AVX registers'
[    0.000000] x86/fpu: xstate_offset[2]:  576, xstate_sizes[2]:  256
[    0.000000] x86/fpu: Enabled xstate features 0x7, context size is 832 bytes, using 'standard' format.
[    0.000000] e820: BIOS-provided physical RAM map:
[    0.000000] BIOS-e820: [mem 0x0000000000000000-0x000000000009fbff] usable
[    0.000000] BIOS-e820: [mem 0x000000000009fc00-0x000000000009ffff] reserved
[    0.000000] BIOS-e820: [mem 0x00000000000f0000-0x00000000000fffff] reserved
[    0.000000] BIOS-e820: [mem 0x0000000000100000-0x000000003ffeffff] usable
[    0.000000] BIOS-e820: [mem 0x000000003fff0000-0x000000003fffffff] ACPI data
[    0.000000] BIOS-e820: [mem 0x00000000fec00000-0x00000000fec00fff] reserved
[    0.000000] BIOS-e820: [mem 0x00000000fee00000-0x00000000fee00fff] reserved
[    0.000000] BIOS-e820: [mem 0x00000000fffc0000-0x00000000ffffffff] reserved
[    0.000000] NX (Execute Disable) protection: active
[    0.000000] SMBIOS 2.5 present.
[    0.000000] DMI: innotek GmbH VirtualBox/VirtualBox, BIOS VirtualBox 12/01/2006
[    0.000000] Hypervisor detected: KVM
[    0.000000] e820: last_pfn = 0x3fff0 max_arch_pfn = 0x400000000
[    0.000000] MTRR: Disabled
[    0.000000] x86/PAT: MTRRs disabled, skipping PAT initialization too.
[    0.000000] CPU MTRRs all blank - virtualized system.
[    0.000000] x86/PAT: Configuration [0-7]: WB  WT  UC- UC  WB  WT  UC- UC  
[    0.000000] found SMP MP-table at [mem 0x0009fff0-0x0009ffff]
[    0.000000] Scanning 1 areas for low memory corruption
[    0.000000] RAMDISK: [mem 0x35a8b000-0x36d3cfff]
[    0.000000] ACPI: Early table checksum verification disabled
[    0.000000] ACPI: RSDP 0x00000000000E0000 000024 (v02 VBOX  )
[    0.000000] ACPI: XSDT 0x000000003FFF0030 00003C (v01 VBOX   VBOXXSDT 00000001 ASL  00000061)
[    0.000000] ACPI: FACP 0x000000003FFF00F0 0000F4 (v04 VBOX   VBOXFACP 00000001 ASL  00000061)
[    0.000000] ACPI: DSDT 0x000000003FFF0470 0022EA (v02 VBOX   VBOXBIOS 00000002 INTL 20190509)
[    0.000000] ACPI: FACS 0x000000003FFF0200 000040
[    0.000000] ACPI: FACS 0x000000003FFF0200 000040
[    0.000000] ACPI: APIC 0x000000003FFF0240 00005C (v02 VBOX   VBOXAPIC 00000001 ASL  00000061)
[    0.000000] ACPI: SSDT 0x000000003FFF02A0 0001CC (v01 VBOX   VBOXCPUT 00000002 INTL 20190509)
[    0.000000] No NUMA configuration found
[    0.000000] Faking a node at [mem 0x0000000000000000-0x000000003ffeffff]
[    0.000000] NODE_DATA(0) allocated [mem 0x3ffc5000-0x3ffeffff]
[    0.000000] kvm-clock: cpu 0, msr 0:3ff44001, primary cpu clock
[    0.000000] kvm-clock: Using msrs 4b564d01 and 4b564d00
[    0.000000] kvm-clock: using sched offset of 3500237124 cycles
[    0.000000] clocksource: kvm-clock: mask: 0xffffffffffffffff max_cycles: 0x1cd42e4dffb, max_idle_ns: 881590591483 ns
[    0.000000] Zone ranges:
[    0.000000]   DMA      [mem 0x0000000000001000-0x0000000000ffffff]
[    0.000000]   DMA32    [mem 0x0000000001000000-0x000000003ffeffff]
[    0.000000]   Normal   empty
[    0.000000]   Device   empty
[    0.000000] Movable zone start for each node
[    0.000000] Early memory node ranges
[    0.000000]   node   0: [mem 0x0000000000001000-0x000000000009efff]
[    0.000000]   node   0: [mem 0x0000000000100000-0x000000003ffeffff]
[    0.000000] Reserved but unavailable: 98 pages
[    0.000000] Initmem setup node 0 [mem 0x0000000000001000-0x000000003ffeffff]
[    0.000000] ACPI: PM-Timer IO Port: 0x4008
[    0.000000] IOAPIC[0]: apic_id 2, version 32, address 0xfec00000, GSI 0-23
[    0.000000] ACPI: INT_SRC_OVR (bus 0 bus_irq 0 global_irq 2 dfl dfl)
[    0.000000] ACPI: INT_SRC_OVR (bus 0 bus_irq 9 global_irq 9 low level)
[    0.000000] Using ACPI (MADT) for SMP configuration information
[    0.000000] smpboot: Allowing 2 CPUs, 0 hotplug CPUs
[    0.000000] PM: Registered nosave memory: [mem 0x00000000-0x00000fff]
[    0.000000] PM: Registered nosave memory: [mem 0x0009f000-0x0009ffff]
[    0.000000] PM: Registered nosave memory: [mem 0x000a0000-0x000effff]
[    0.000000] PM: Registered nosave memory: [mem 0x000f0000-0x000fffff]
[    0.000000] e820: [mem 0x40000000-0xfebfffff] available for PCI devices
[    0.000000] Booting paravirtualized kernel on KVM
[    0.000000] clocksource: refined-jiffies: mask: 0xffffffff max_cycles: 0xffffffff, max_idle_ns: 7645519600211568 ns
[    0.000000] random: get_random_bytes called from start_kernel+0x99/0x4fd with crng_init=0
[    0.000000] setup_percpu: NR_CPUS:8192 nr_cpumask_bits:2 nr_cpu_ids:2 nr_node_ids:1
[    0.000000] percpu: Embedded 46 pages/cpu s151552 r8192 d28672 u1048576
[    0.000000] PV qspinlock hash table entries: 256 (order: 0, 4096 bytes)
[    0.000000] Built 1 zonelists, mobility grouping on.  Total pages: 257913
[    0.000000] Policy zone: DMA32
[    0.000000] Kernel command line: BOOT_IMAGE=/boot/vmlinuz-4.15.0-62-generic root=LABEL=cloudimg-rootfs ro console=tty1 console=ttyS0
[    0.000000] Memory: 983440K/1048120K available (12300K kernel code, 2481K rwdata, 4172K rodata, 2436K init, 2384K bss, 64680K reserved, 0K cma-reserved)
[    0.000000] SLUB: HWalign=64, Order=0-3, MinObjects=0, CPUs=2, Nodes=1
[    0.000000] Kernel/User page tables isolation: enabled
[    0.000000] ftrace: allocating 39306 entries in 154 pages
[    0.004000] Hierarchical RCU implementation.
[    0.004000] 	RCU restricting CPUs from NR_CPUS=8192 to nr_cpu_ids=2.
[    0.004000] 	Tasks RCU enabled.
[    0.004000] RCU: Adjusting geometry for rcu_fanout_leaf=16, nr_cpu_ids=2
[    0.004000] NR_IRQS: 524544, nr_irqs: 440, preallocated irqs: 16
[    0.004000] Console: colour VGA+ 80x25
[    0.004000] console [tty1] enabled
[    0.004000] console [ttyS0] enabled
[    0.004000] ACPI: Core revision 20170831
[    0.004000] ACPI: 2 ACPI AML tables successfully acquired and loaded
[    0.004000] APIC: Switch to symmetric I/O mode setup
[    0.004000] x2apic enabled
[    0.004000] Switched APIC routing to physical x2apic.
[    0.004000] ..TIMER: vector=0x30 apic1=0 pin1=2 apic2=-1 pin2=-1
[    0.004000] tsc: Detected 2903.998 MHz processor
[    0.004009] Calibrating delay loop (skipped) preset value.. 5807.99 BogoMIPS (lpj=11615992)
[    0.005041] pid_max: default: 32768 minimum: 301
[    0.005636] Security Framework initialized
[    0.006197] Yama: becoming mindful.
[    0.006664] AppArmor: AppArmor initialized
[    0.008000] Dentry cache hash table entries: 131072 (order: 8, 1048576 bytes)
[    0.008000] Inode-cache hash table entries: 65536 (order: 7, 524288 bytes)
[    0.008013] Mount-cache hash table entries: 2048 (order: 2, 16384 bytes)
[    0.012004] Mountpoint-cache hash table entries: 2048 (order: 2, 16384 bytes)
[    0.013085] Last level iTLB entries: 4KB 64, 2MB 8, 4MB 8
[    0.013747] Last level dTLB entries: 4KB 64, 2MB 0, 4MB 0, 1GB 4
[    0.014516] Spectre V1 : Mitigation: usercopy/swapgs barriers and __user pointer sanitization
[    0.016003] Spectre V2 : Mitigation: Full generic retpoline
[    0.016727] Spectre V2 : Spectre v2 / SpectreRSB mitigation: Filling RSB on context switch
[    0.017738] Speculative Store Bypass: Vulnerable
[    0.018351] MDS: Mitigation: Clear CPU buffers
[    0.019081] Freeing SMP alternatives memory: 36K
[    0.024000] smpboot: CPU0: Intel(R) Core(TM) i7-7500U CPU @ 2.70GHz (family: 0x6, model: 0x8e, stepping: 0x9)
[    0.024000] Performance Events: unsupported p6 CPU model 142 no PMU driver, software events only.
[    0.024000] Hierarchical SRCU implementation.
[    0.024000] NMI watchdog: Perf event create on CPU 0 failed with -2
[    0.024002] NMI watchdog: Perf NMI watchdog permanently disabled
[    0.024843] smp: Bringing up secondary CPUs ...
[    0.025533] x86: Booting SMP configuration:
[    0.026126] .... node  #0, CPUs:      #1
[    0.004000] kvm-clock: cpu 1, msr 0:3ff44041, secondary cpu clock
[    0.030648] smp: Brought up 1 node, 2 CPUs
[    0.030648] smpboot: Max logical packages: 1
[    0.030648] smpboot: Total of 2 processors activated (11615.99 BogoMIPS)
[    0.032099] devtmpfs: initialized
[    0.032487] x86/mm: Memory block size: 128MB
[    0.033144] evm: security.selinux
[    0.033584] evm: security.SMACK64
[    0.034032] evm: security.SMACK64EXEC
[    0.034525] evm: security.SMACK64TRANSMUTE
[    0.036007] evm: security.SMACK64MMAP
[    0.036660] evm: security.apparmor
[    0.037330] evm: security.ima
[    0.037885] evm: security.capability
[    0.040128] clocksource: jiffies: mask: 0xffffffff max_cycles: 0xffffffff, max_idle_ns: 7645041785100000 ns
[    0.042125] futex hash table entries: 512 (order: 3, 32768 bytes)
[    0.043965] pinctrl core: initialized pinctrl subsystem
[    0.044132] RTC time:  3:09:27, date: 11/17/19
[    0.045061] NET: Registered protocol family 16
[    0.048085] audit: initializing netlink subsys (disabled)
[    0.052333] audit: type=2000 audit(1573960172.222:1): state=initialized audit_enabled=0 res=1
[    0.052471] cpuidle: using governor ladder
[    0.056009] cpuidle: using governor menu
[    0.056629] ACPI: bus type PCI registered
[    0.060004] acpiphp: ACPI Hot Plug PCI Controller Driver version: 0.5
[    0.061620] PCI: Using configuration type 1 for base access
[    0.064907] HugeTLB registered 2.00 MiB page size, pre-allocated 0 pages
[    0.064931] ACPI: Added _OSI(Module Device)
[    0.064931] ACPI: Added _OSI(Processor Device)
[    0.065318] ACPI: Added _OSI(3.0 _SCP Extensions)
[    0.068006] ACPI: Added _OSI(Processor Aggregator Device)
[    0.068747] ACPI: Added _OSI(Linux-Dell-Video)
[    0.069362] ACPI: Added _OSI(Linux-Lenovo-NV-HDMI-Audio)
[    0.070094] ACPI: Added _OSI(Linux-HPI-Hybrid-Graphics)
[    0.071039] ACPI: Executed 1 blocks of module-level executable AML code
[    0.074968] ACPI: Interpreter enabled
[    0.075650] ACPI: (supports S0 S5)
[    0.076002] ACPI: Using IOAPIC for interrupt routing
[    0.076980] PCI: Using host bridge windows from ACPI; if necessary, use "pci=nocrs" and report a bug
[    0.078390] ACPI: Enabled 2 GPEs in block 00 to 07
[    0.084177] ACPI: PCI Root Bridge [PCI0] (domain 0000 [bus 00-ff])
[    0.084999] acpi PNP0A03:00: _OSC: OS supports [ASPM ClockPM Segments MSI]
[    0.086397] acpi PNP0A03:00: _OSC: not requesting OS control; OS requires [ExtendedConfig ASPM ClockPM MSI]
[    0.087728] acpi PNP0A03:00: fail to add MMCONFIG information, can't access extended PCI configuration space under this bridge.
[    0.088276] PCI host bridge to bus 0000:00
[    0.088940] pci_bus 0000:00: root bus resource [io  0x0000-0x0cf7 window]
[    0.089867] pci_bus 0000:00: root bus resource [io  0x0d00-0xffff window]
[    0.092002] pci_bus 0000:00: root bus resource [mem 0x000a0000-0x000bffff window]
[    0.093045] pci_bus 0000:00: root bus resource [mem 0x40000000-0xfdffffff window]
[    0.094104] pci_bus 0000:00: root bus resource [bus 00-ff]
[    0.096336] pci 0000:00:01.1: legacy IDE quirk: reg 0x10: [io  0x01f0-0x01f7]
[    0.097415] pci 0000:00:01.1: legacy IDE quirk: reg 0x14: [io  0x03f6]
[    0.098298] pci 0000:00:01.1: legacy IDE quirk: reg 0x18: [io  0x0170-0x0177]
[    0.099306] pci 0000:00:01.1: legacy IDE quirk: reg 0x1c: [io  0x0376]
[    0.116117] pci 0000:00:07.0: quirk: [io  0x4000-0x403f] claimed by PIIX4 ACPI
[    0.117205] pci 0000:00:07.0: quirk: [io  0x4100-0x410f] claimed by PIIX4 SMB
[    0.128969] ACPI: PCI Interrupt Link [LNKA] (IRQs 5 9 10 *11)
[    0.130032] ACPI: PCI Interrupt Link [LNKB] (IRQs 5 9 *10 11)
[    0.130911] ACPI: PCI Interrupt Link [LNKC] (IRQs 5 *9 10 11)
[    0.131785] ACPI: PCI Interrupt Link [LNKD] (IRQs 5 9 10 *11)
[    0.132347] SCSI subsystem initialized
[    0.132937] pci 0000:00:02.0: vgaarb: setting as boot VGA device
[    0.132937] pci 0000:00:02.0: vgaarb: VGA device added: decodes=io+mem,owns=io+mem,locks=none
[    0.134029] pci 0000:00:02.0: vgaarb: bridge control possible
[    0.136010] vgaarb: loaded
[    0.136450] ACPI: bus type USB registered
[    0.137028] usbcore: registered new interface driver usbfs
[    0.138101] usbcore: registered new interface driver hub
[    0.139042] usbcore: registered new device driver usb
[    0.140063] EDAC MC: Ver: 3.0.0
[    0.140719] PCI: Using ACPI for IRQ routing
[    0.141124] NetLabel: Initializing
[    0.141737] NetLabel:  domain hash size = 128
[    0.142470] NetLabel:  protocols = UNLABELED CIPSOv4 CALIPSO
[    0.144015] NetLabel:  unlabeled traffic allowed by default
[    0.144868] clocksource: Switched to clocksource kvm-clock
[    0.154753] VFS: Disk quotas dquot_6.6.0
[    0.155438] VFS: Dquot-cache hash table entries: 512 (order 0, 4096 bytes)
[    0.156589] AppArmor: AppArmor Filesystem Enabled
[    0.157385] pnp: PnP ACPI init
[    0.158664] pnp: PnP ACPI: found 3 devices
[    0.167935] clocksource: acpi_pm: mask: 0xffffff max_cycles: 0xffffff, max_idle_ns: 2085701024 ns
[    0.169439] NET: Registered protocol family 2
[    0.170908] TCP established hash table entries: 8192 (order: 4, 65536 bytes)
[    0.171984] TCP bind hash table entries: 8192 (order: 5, 131072 bytes)
[    0.173020] TCP: Hash tables configured (established 8192 bind 8192)
[    0.174030] UDP hash table entries: 512 (order: 2, 16384 bytes)
[    0.174959] UDP-Lite hash table entries: 512 (order: 2, 16384 bytes)
[    0.175962] NET: Registered protocol family 1
[    0.176591] pci 0000:00:00.0: Limiting direct PCI/PCI transfers
[    0.177362] pci 0000:00:01.0: Activating ISA DMA hang workarounds
[    0.178166] pci 0000:00:02.0: Video device with shadowed ROM at [mem 0x000c0000-0x000dffff]
[    0.179289] Unpacking initramfs...
[    0.437171] Freeing initrd memory: 19144K
[    0.437842] clocksource: tsc: mask: 0xffffffffffffffff max_cycles: 0x29dc03c1beb, max_idle_ns: 440795205215 ns
[    0.439187] platform rtc_cmos: registered platform RTC device (no PNP device found)
[    0.440396] Scanning for low memory corruption every 60 seconds
[    0.441660] Initialise system trusted keyrings
[    0.442511] Key type blacklist registered
[    0.443158] workingset: timestamp_bits=36 max_order=18 bucket_order=0
[    0.447456] zbud: loaded
[    0.449577] squashfs: version 4.0 (2009/01/31) Phillip Lougher
[    0.450547] fuse init (API version 7.26)
[    0.456337] Key type asymmetric registered
[    0.456943] Asymmetric key parser 'x509' registered
[    0.457642] Block layer SCSI generic (bsg) driver version 0.4 loaded (major 246)
[    0.458730] io scheduler noop registered
[    0.459247] io scheduler deadline registered
[    0.459812] io scheduler cfq registered (default)
[    0.460713] ACPI: AC Adapter [AC] (on-line)
[    0.461534] input: Power Button as /devices/LNXSYSTM:00/LNXPWRBN:00/input/input0
[    0.462548] ACPI: Power Button [PWRF]
[    0.463083] input: Sleep Button as /devices/LNXSYSTM:00/LNXSLPBN:00/input/input1
[    0.464046] ACPI: Sleep Button [SLPF]
[    0.465343] ACPI: Battery Slot [BAT0] (battery present)
[    0.466120] Serial: 8250/16550 driver, 32 ports, IRQ sharing enabled
[    0.487841] 00:02: ttyS0 at I/O 0x3f8 (irq = 4, base_baud = 115200) is a 16550A
[    0.491970] Linux agpgart interface v0.103
[    0.493662] loop: module loaded
[    0.494484] scsi host0: ata_piix
[    0.495108] scsi host1: ata_piix
[    0.495578] ata1: PATA max UDMA/33 cmd 0x1f0 ctl 0x3f6 bmdma 0xd000 irq 14
[    0.496692] ata2: PATA max UDMA/33 cmd 0x170 ctl 0x376 bmdma 0xd008 irq 15
[    0.497969] libphy: Fixed MDIO Bus: probed
[    0.498641] tun: Universal TUN/TAP device driver, 1.6
[    0.499447] PPP generic driver version 2.4.2
[    0.500136] ehci_hcd: USB 2.0 'Enhanced' Host Controller (EHCI) Driver
[    0.500945] ehci-pci: EHCI PCI platform driver
[    0.501568] ehci-platform: EHCI generic platform driver
[    0.502219] ohci_hcd: USB 1.1 'Open' Host Controller (OHCI) Driver
[    0.502999] ohci-pci: OHCI PCI platform driver
[    0.503616] ohci-platform: OHCI generic platform driver
[    0.504309] uhci_hcd: USB Universal Host Controller Interface driver
[    0.505129] i8042: PNP: PS/2 Controller [PNP0303:PS2K,PNP0f03:PS2M] at 0x60,0x64 irq 1,12
[    0.506696] serio: i8042 KBD port at 0x60,0x64 irq 1
[    0.507364] serio: i8042 AUX port at 0x60,0x64 irq 12
[    0.509439] mousedev: PS/2 mouse device common for all mice
[    0.510551] input: AT Translated Set 2 keyboard as /devices/platform/i8042/serio0/input/input2
[    0.511775] rtc_cmos rtc_cmos: rtc core: registered rtc_cmos as rtc0
[    0.512601] rtc_cmos rtc_cmos: alarms up to one day, 114 bytes nvram
[    0.513439] i2c /dev entries driver
[    0.513939] device-mapper: uevent: version 1.0.3
[    0.516056] device-mapper: ioctl: 4.37.0-ioctl (2017-09-20) initialised: dm-devel@redhat.com
[    0.517133] ledtrig-cpu: registered to indicate activity on CPUs
[    0.518189] NET: Registered protocol family 10
[    0.522014] Segment Routing with IPv6
[    0.522586] NET: Registered protocol family 17
[    0.523198] Key type dns_resolver registered
[    0.523892] mce: Using 0 MCE banks
[    0.524377] RAS: Correctable Errors collector initialized.
[    0.525107] sched_clock: Marking stable (524362330, 0)->(744736676, -220374346)
[    0.526336] registered taskstats version 1
[    0.526868] Loading compiled-in X.509 certificates
[    0.529388] Loaded X.509 cert 'Build time autogenerated kernel key: ff1b14b29a8b0fad041e56b58c2af39eda0766ce'
[    0.530612] zswap: loaded using pool lzo/zbud
[    0.534088] Key type big_key registered
[    0.534607] Key type trusted registered
[    0.536811] Key type encrypted registered
[    0.537372] AppArmor: AppArmor sha1 policy hashing enabled
[    0.538048] ima: No TPM chip found, activating TPM-bypass! (rc=-19)
[    0.538806] ima: Allocated hash algorithm: sha1
[    0.539398] evm: HMAC attrs: 0x1
[    0.540014]   Magic number: 11:240:159
[    0.540602] rtc_cmos rtc_cmos: setting system clock to 2019-11-17 03:09:28 UTC (1573960168)
[    0.541764] BIOS EDD facility v0.16 2004-Jun-25, 0 devices found
[    0.542521] EDD information not available.
[    0.660207] Freeing unused kernel image memory: 2436K
[    0.668168] Write protecting the kernel read-only data: 20480k
[    0.671557] Freeing unused kernel image memory: 2008K
[    0.674481] Freeing unused kernel image memory: 1972K
[    0.694596] x86/mm: Checked W+X mappings: passed, no W+X pages found.
[    0.696446] x86/mm: Checking user space page tables
[    0.707797] x86/mm: Checked W+X mappings: passed, no W+X pages found.
Loading, please wait...
starting version 237
[    0.771613] e1000: Intel(R) PRO/1000 Network Driver - version 7.3.21-k8-NAPI
[    0.772737] e1000: Copyright (c) 1999-2006 Intel Corporation.
[    0.775092] Fusion MPT base driver 3.04.20
[    0.775754] Copyright (c) 1999-2008 LSI Corporation
[    0.783536] Fusion MPT SPI Host driver 3.04.20
[    0.791754] AVX2 version of gcm_enc/dec engaged.
[    0.792425] AES CTR mode by8 optimization enabled
[    0.986397] input: ImExPS/2 Generic Explorer Mouse as /devices/platform/i8042/serio1/input/input4
[    1.149249] e1000 0000:00:03.0 eth0: (PCI:33MHz:32-bit) 02:e2:37:e7:21:68
[    1.150310] e1000 0000:00:03.0 eth0: Intel(R) PRO/1000 Network Connection
[    1.152090] mptbase: ioc0: Initiating bringup
[    1.288014] ioc0: LSI53C1030 A0: Capabilities={Initiator}
[    2.458903] scsi host2: ioc0: LSI53C1030 A0, FwRev=00000000h, Ports=1, MaxQ=256, IRQ=20
[    3.148746] scsi 2:0:0:0: Direct-Access     VBOX     HARDDISK         1.0  PQ: 0 ANSI: 5
[    3.186041] scsi target2:0:0: Beginning Domain Validation
[    3.194464] scsi target2:0:0: Domain Validation skipping write tests
[    3.199722] scsi target2:0:0: Ending Domain Validation
[    3.204030] scsi target2:0:0: asynchronous
[    3.209039] scsi 2:0:1:0: Direct-Access     VBOX     HARDDISK         1.0  PQ: 0 ANSI: 5
[    3.487473] scsi target2:0:1: Beginning Domain Validation
[    3.488779] random: fast init done
[    3.489276] scsi target2:0:1: Domain Validation skipping write tests
[    3.490037] scsi target2:0:1: Ending Domain Validation
[    3.490694] scsi target2:0:1: asynchronous
[    3.493778] random: systemd-udevd: uninitialized urandom read (16 bytes read)
[    3.494738] sd 2:0:0:0: Attached scsi generic sg0 type 0
[    3.494760] random: systemd-udevd: uninitialized urandom read (16 bytes read)
[    3.496548] random: systemd-udevd: uninitialized urandom read (16 bytes read)
[    3.497552] sd 2:0:1:0: Attached scsi generic sg1 type 0
[    3.498387] sd 2:0:0:0: [sda] 20971520 512-byte logical blocks: (10.7 GB/10.0 GiB)
[    3.499448] sd 2:0:0:0: [sda] Write Protect is off
[    3.500086] sd 2:0:1:0: [sdb] 20480 512-byte logical blocks: (10.5 MB/10.0 MiB)
[    3.502325] sd 2:0:0:0: [sda] Incomplete mode parameter data
[    3.503025] sd 2:0:0:0: [sda] Assuming drive cache: write through
[    3.503776] sd 2:0:1:0: [sdb] Write Protect is off
[    3.504686] sd 2:0:1:0: [sdb] Incomplete mode parameter data
[    3.505585] sd 2:0:1:0: [sdb] Assuming drive cache: write through
[    3.507962]  sda: sda1
[    3.508819] sd 2:0:0:0: [sda] Attached SCSI disk
[    3.510683] sd 2:0:1:0: [sdb] Attached SCSI disk
[    3.521690] e1000 0000:00:08.0 eth1: (PCI:33MHz:32-bit) 08:00:27:12:5c:32
[    3.522635] e1000 0000:00:08.0 eth1: Intel(R) PRO/1000 Network Connection
[    3.524451] e1000 0000:00:03.0 enp0s3: renamed from eth0
[    3.544414] e1000 0000:00:08.0 enp0s8: renamed from eth1
Begin: Loading essential drivers ... [    4.952039] raid6: sse2x1   gen() 10663 MB/s
[    5.000036] raid6: sse2x1   xor()  8710 MB/s
[    5.048022] raid6: sse2x2   gen() 14639 MB/s
[    5.096027] raid6: sse2x2   xor()  9987 MB/s
[    5.144027] raid6: sse2x4   gen() 16644 MB/s
[    5.192032] raid6: sse2x4   xor()  9843 MB/s
[    5.240036] raid6: avx2x1   gen() 23197 MB/s
[    5.288020] raid6: avx2x1   xor() 16773 MB/s
[    5.336038] raid6: avx2x2   gen() 27267 MB/s
[    5.384032] raid6: avx2x2   xor() 18092 MB/s
[    5.432071] raid6: avx2x4   gen() 28206 MB/s
[    5.482970] raid6: avx2x4   xor() 15903 MB/s
[    5.483834] raid6: using algorithm avx2x4 gen() 28206 MB/s
[    5.484714] raid6: .... xor() 15903 MB/s, rmw enabled
[    5.485486] raid6: using avx2x2 recovery algorithm
[    5.487784] xor: automatically using best checksumming function   avx       
[    5.490512] async_tx: api initialized (async)
done.
Begin: Running /scripts/init-premount ... done.
Begin: Mounting root file system ... Begin: Running /scripts/local-top ... done.
Begin: Running /scripts/local-premount ... [    5.534478] Btrfs loaded, crc32c=crc32c-intel
Scanning for Btrfs filesystems
done.
Warning: fsck not present, so skipping root file system
[    5.595054] EXT4-fs (sda1): mounted filesystem with ordered data mode. Opts: (null)
done.
Begin: Running /scripts/local-bottom ... done.
Begin: Running /scripts/init-bottom ... done.
[    5.813161] ip_tables: (C) 2000-2006 Netfilter Core Team
[    5.823853] systemd[1]: systemd 237 running in system mode. (+PAM +AUDIT +SELINUX +IMA +APPARMOR +SMACK +SYSVINIT +UTMP +LIBCRYPTSETUP +GCRYPT +GNUTLS +ACL +XZ +LZ4 +SECCOMP +BLKID +ELFUTILS +KMOD -IDN2 +IDN -PCRE2 default-hierarchy=hybrid)
[    5.827688] systemd[1]: Detected virtualization oracle.
[    5.828625] systemd[1]: Detected architecture x86-64.

Welcome to [1mUbuntu 18.04.3 LTS[0m!

[    5.833845] systemd[1]: Set hostname to <ubuntu>.
[    5.837643] systemd[1]: Initializing machine ID from random generator.
[    5.838663] systemd[1]: Installed transient /etc/machine-id file.
[    6.109801] systemd[1]: Reached target User and Group Name Lookups.
[[0;32m  OK  [0m] Reached target User and Group Name Lookups.
[    6.112009] systemd[1]: Set up automount Arbitrary Executable File Formats File System Automount Point.
[[0;32m  OK  [0m] Set up automount Arbitrary Executabâ€¦rmats File System Automount Point.
[    6.114608] systemd[1]: Reached target System Time Synchronized.
[[0;32m  OK  [0m] Reached target System Time Synchronized.
[    6.118068] systemd[1]: Created slice System Slice.
[[0;32m  OK  [0m] Created slice System Slice.
[[0;32m  OK  [0m] Listening on udev Kernel Socket.
[[0;32m  OK  [0m] Created slice system-serial\x2dgetty.slice.
[[0;32m  OK  [0m] Listening on /dev/initctl Compatibility Named Pipe.
[[0;32m  OK  [0m] Listening on Syslog Socket.
[[0;32m  OK  [0m] Listening on LVM2 metadata daemon socket.
[[0;32m  OK  [0m] Listening on Journal Socket (/dev/log).
[[0;32m  OK  [0m] Listening on Device-mapper event daemon FIFOs.
[[0;32m  OK  [0m] Created slice User and Session Slice.
[[0;32m  OK  [0m] Reached target Slices.
[[0;32m  OK  [0m] Listening on LVM2 poll daemon socket.
[[0;32m  OK  [0m] Listening on udev Control Socket.
[[0;32m  OK  [0m] Listening on Network Service Netlink Socket.
[[0;32m  OK  [0m] Started Forward Password Requests to Wall Directory Watch.
[[0;32m  OK  [0m] Listening on Journal Audit Socket.
[[0;32m  OK  [0m] Listening on Journal Socket.
         Starting Monitoring of LVM2 mirrorsâ€¦ng dmeventd or progress polling...
         Starting Set the console keyboard layout...
         Starting Journal Service...
         Starting Uncomplicated firewall...
         Starting udev Coldplug all Devices...
         Mounting Kernel Debug File System...
         Mounting Huge Pages File System...
         Mounting POSIX Message Queue File System...
         Starting Load Kernel Modules...
[[0;32m  OK  [0m] Reached target Swap.
         Starting Create list of required stâ€¦ce nodes for the current kernel...
         Starting Remount Root and Kernel File Systems...
[[0;32m  OK  [0m] Started Journal Service.
[[0;32m  OK  [0m] Started Uncomplicated firewall.
[[0;32m  OK  [0m] Started LVM2 metadata daemon.
[[0;32m  OK  [0m] Started udev Coldplug all Devices.
[[0;32m  OK  [0m] Mounted Kernel Debug File System.
[[0;32m  OK  [0m] Mounted Huge Pages File System.
[[0;32m  OK  [0m] Mounted POSIX Message Queue File System.
[    6.315059] Loading iSCSI transport class v2.0-870.
[    6.320875] iscsi: registered transport (tcp)
[[0;32m  OK  [0m] Started Create list of required staâ€¦vice nodes for the current kernel.
         Starting Create Static Device Nodes in /dev...
[    6.357642] EXT4-fs (sda1): re-mounted. Opts: (null)
[[0;32m  OK  [0m] Started Remount Root and Kernel File Systems.
         Starting Load/Save Random Seed...
         Starting Flush Journal to Persistent Storage...
[[0;32m  OK  [0m] Started Monitoring of LVM2 mirrors,â€¦sing dmeventd or progress polling.
[[0;32m  OK  [0m] Started Create Static Device Nodes in /dev.
[[0;32m  OK  [0m] Started Load/Save Random Seed.
         Starting udev Kernel Device Manager...
[    6.410390] systemd-journald[395]: Received request to flush runtime journal from PID 1
[[0;32m  OK  [0m] Started Set the console keyboard layout.
[[0;32m  OK  [0m] Reached target Local File Systems (Pre).
[[0;32m  OK  [0m] Reached target Local File Systems.
         Starting AppArmor initialization...
         Starting Commit a transient machine-id on disk...
         Starting ebtables ruleset management...
         Starting Tell Plymouth To Write Out Runtime Data...
         Starting Set console font and keymap...
[    6.430121] iscsi: registered transport (iser)
[[0;32m  OK  [0m] Started Load Kernel Modules.
         Mounting FUSE Control File System...
         Starting Apply Kernel Variables...
         Mounting Kernel Configuration File System...
[[0;32m  OK  [0m] Mounted FUSE Control File System.
[[0;32m  OK  [0m] Mounted Kernel Configuration File System.
[[0;32m  OK  [0m] Started udev Kernel Device Manager.
[[0;32m  OK  [0m] Started Dispatch Password Requests to Console Directory Watch.
[[0;32m  OK  [0m] Reached target Local Encrypted Volumes.
[[0;32m  OK  [0m] Started Tell Plymouth To Write Out Runtime Data.
[[0;32m  OK  [0m] Started Set console font and keymap.
[[0;32m  OK  [0m] Started Flush Journal to Persistent Storage.
         Starting Create Volatile Files and Directories...
[[0;32m  OK  [0m] Started Commit a transient machine-id on disk.
[[0;32m  OK  [0m] Started Apply Kernel Variables.
[[0;32m  OK  [0m] Started Create Volatile Files and Directories.
         Starting Update UTMP about System Boot/Shutdown...
[[0;32m  OK  [0m] Started Update UTMP about System Boot/Shutdown.
[[0;32m  OK  [0m] Started ebtables ruleset management.
[[0;32m  OK  [0m] Found device /dev/ttyS0.
[[0;32m  OK  [0m] Listening on Load/Save RF Kill Switch Status /dev/rfkill Watch.
[[0;32m  OK  [0m] Started AppArmor initialization.
         Starting Initial cloud-init job (pre-networking)...
